2026-01-17 22:17:05 [background-preinit] INFO  org.hibernate.validator.internal.util.Version - HV000001: Hibernate Validator 8.0.1.Final
2026-01-17 22:17:06 [main] INFO  com.escuela.SistemaEscolarApplication - Starting SistemaEscolarApplication using Java 17.0.17 with PID 5184 (C:\spring\spring-workspace\sistema-escolar\sistema-escolar\target\classes started by edgar in C:\spring\spring-workspace\sistema-escolar\sistema-escolar)
2026-01-17 22:17:06 [main] DEBUG com.escuela.SistemaEscolarApplication - Running with Spring Boot v3.2.5, Spring v6.1.6
2026-01-17 22:17:06 [main] INFO  com.escuela.SistemaEscolarApplication - No active profile set, falling back to 1 default profile: "default"
2026-01-17 22:17:07 [main] INFO  org.springframework.data.repository.config.RepositoryConfigurationDelegate - Bootstrapping Spring Data JPA repositories in DEFAULT mode.
2026-01-17 22:17:07 [main] INFO  org.springframework.data.repository.config.RepositoryConfigurationDelegate - Finished Spring Data repository scanning in 93 ms. Found 5 JPA repository interfaces.
2026-01-17 22:17:08 [main] INFO  org.springframework.boot.web.embedded.tomcat.TomcatWebServer - Tomcat initialized with port 8080 (http)
2026-01-17 22:17:08 [main] INFO  org.apache.coyote.http11.Http11NioProtocol - Initializing ProtocolHandler ["http-nio-8080"]
2026-01-17 22:17:08 [main] INFO  org.apache.catalina.core.StandardService - Starting service [Tomcat]
2026-01-17 22:17:08 [main] INFO  org.apache.catalina.core.StandardEngine - Starting Servlet engine: [Apache Tomcat/10.1.20]
2026-01-17 22:17:08 [main] INFO  org.apache.catalina.core.ContainerBase.[Tomcat].[localhost].[/] - Initializing Spring embedded WebApplicationContext
2026-01-17 22:17:08 [main] INFO  org.springframework.boot.web.servlet.context.ServletWebServerApplicationContext - Root WebApplicationContext: initialization completed in 2799 ms
2026-01-17 22:17:09 [main] INFO  org.hibernate.jpa.internal.util.LogHelper - HHH000204: Processing PersistenceUnitInfo [name: default]
2026-01-17 22:17:09 [main] INFO  org.hibernate.Version - HHH000412: Hibernate ORM core version 6.4.4.Final
2026-01-17 22:17:09 [main] INFO  org.hibernate.cache.internal.RegionFactoryInitiator - HHH000026: Second-level cache disabled
2026-01-17 22:17:10 [main] INFO  org.springframework.orm.jpa.persistenceunit.SpringPersistenceUnitInfo - No LoadTimeWeaver setup: ignoring JPA class transformer
2026-01-17 22:17:10 [main] INFO  com.zaxxer.hikari.HikariDataSource - HikariPool-1 - Starting...
2026-01-17 22:17:10 [main] INFO  com.zaxxer.hikari.pool.HikariPool - HikariPool-1 - Added connection com.mysql.cj.jdbc.ConnectionImpl@66d2885c
2026-01-17 22:17:10 [main] INFO  com.zaxxer.hikari.HikariDataSource - HikariPool-1 - Start completed.
2026-01-17 22:17:10 [main] WARN  org.hibernate.orm.deprecation - HHH90000025: MySQL8Dialect does not need to be specified explicitly using 'hibernate.dialect' (remove the property setting and it will be selected by default)
2026-01-17 22:17:10 [main] WARN  org.hibernate.orm.deprecation - HHH90000026: MySQL8Dialect has been deprecated; use org.hibernate.dialect.MySQLDialect instead
2026-01-17 22:17:12 [main] INFO  org.hibernate.engine.transaction.jta.platform.internal.JtaPlatformInitiator - HHH000489: No JTA platform available (set 'hibernate.transaction.jta.platform' to enable JTA platform integration)
2026-01-17 22:17:12 [main] INFO  org.springframework.orm.jpa.LocalContainerEntityManagerFactoryBean - Initialized JPA EntityManagerFactory for persistence unit 'default'
2026-01-17 22:17:12 [main] WARN  org.springframework.boot.autoconfigure.orm.jpa.JpaBaseConfiguration$JpaWebConfiguration - spring.jpa.open-in-view is enabled by default. Therefore, database queries may be performed during view rendering. Explicitly configure spring.jpa.open-in-view to disable this warning
2026-01-17 22:17:13 [main] INFO  org.apache.coyote.http11.Http11NioProtocol - Starting ProtocolHandler ["http-nio-8080"]
2026-01-17 22:17:13 [main] INFO  org.springframework.boot.web.embedded.tomcat.TomcatWebServer - Tomcat started on port 8080 (http) with context path ''
2026-01-17 22:17:13 [main] INFO  com.escuela.SistemaEscolarApplication - Started SistemaEscolarApplication in 8.181 seconds (process running for 9.334)
2026-01-17 22:19:34 [http-nio-8080-exec-1] INFO  org.apache.catalina.core.ContainerBase.[Tomcat].[localhost].[/] - Initializing Spring DispatcherServlet 'dispatcherServlet'
2026-01-17 22:19:34 [http-nio-8080-exec-1] INFO  org.springframework.web.servlet.DispatcherServlet - Initializing Servlet 'dispatcherServlet'
2026-01-17 22:19:34 [http-nio-8080-exec-1] INFO  org.springframework.web.servlet.DispatcherServlet - Completed initialization in 3 ms
2026-01-17 22:19:34 [http-nio-8080-exec-1] INFO  com.escuela.controller.AlumnoController - Guardando alumno: Mayte Hernández
2026-01-17 22:19:34 [http-nio-8080-exec-1] DEBUG com.escuela.service.AlumnoService - Validando alumno antes de guardar: com.escuela.model.Alumno@69ed53ad
2026-01-17 22:19:34 [http-nio-8080-exec-1] INFO  com.escuela.service.AlumnoService - Alumno guardado
2026-01-17 22:20:14 [http-nio-8080-exec-3] INFO  com.escuela.controller.AlumnoController - Listando todos los alumnos
2026-01-17 22:25:40 [background-preinit] INFO  org.hibernate.validator.internal.util.Version - HV000001: Hibernate Validator 8.0.1.Final
2026-01-17 22:25:40 [main] INFO  com.escuela.SistemaEscolarApplication - Starting SistemaEscolarApplication using Java 17.0.17 with PID 34888 (C:\spring\spring-workspace\sistema-escolar\sistema-escolar\target\classes started by edgar in C:\spring\spring-workspace\sistema-escolar\sistema-escolar)
2026-01-17 22:25:40 [main] DEBUG com.escuela.SistemaEscolarApplication - Running with Spring Boot v3.2.5, Spring v6.1.6
2026-01-17 22:25:40 [main] INFO  com.escuela.SistemaEscolarApplication - No active profile set, falling back to 1 default profile: "default"
2026-01-17 22:25:41 [main] INFO  org.springframework.data.repository.config.RepositoryConfigurationDelegate - Bootstrapping Spring Data JPA repositories in DEFAULT mode.
2026-01-17 22:25:42 [main] INFO  org.springframework.data.repository.config.RepositoryConfigurationDelegate - Finished Spring Data repository scanning in 141 ms. Found 5 JPA repository interfaces.
2026-01-17 22:25:43 [main] INFO  org.springframework.boot.web.embedded.tomcat.TomcatWebServer - Tomcat initialized with port 8080 (http)
2026-01-17 22:25:43 [main] INFO  org.apache.coyote.http11.Http11NioProtocol - Initializing ProtocolHandler ["http-nio-8080"]
2026-01-17 22:25:43 [main] INFO  org.apache.catalina.core.StandardService - Starting service [Tomcat]
2026-01-17 22:25:43 [main] INFO  org.apache.catalina.core.StandardEngine - Starting Servlet engine: [Apache Tomcat/10.1.20]
2026-01-17 22:25:43 [main] INFO  org.apache.catalina.core.ContainerBase.[Tomcat].[localhost].[/] - Initializing Spring embedded WebApplicationContext
2026-01-17 22:25:43 [main] INFO  org.springframework.boot.web.servlet.context.ServletWebServerApplicationContext - Root WebApplicationContext: initialization completed in 2921 ms
2026-01-17 22:25:44 [main] INFO  org.hibernate.jpa.internal.util.LogHelper - HHH000204: Processing PersistenceUnitInfo [name: default]
2026-01-17 22:25:44 [main] INFO  org.hibernate.Version - HHH000412: Hibernate ORM core version 6.4.4.Final
2026-01-17 22:25:44 [main] INFO  org.hibernate.cache.internal.RegionFactoryInitiator - HHH000026: Second-level cache disabled
2026-01-17 22:25:44 [main] INFO  org.springframework.orm.jpa.persistenceunit.SpringPersistenceUnitInfo - No LoadTimeWeaver setup: ignoring JPA class transformer
2026-01-17 22:25:44 [main] INFO  com.zaxxer.hikari.HikariDataSource - HikariPool-1 - Starting...
2026-01-17 22:25:45 [main] INFO  com.zaxxer.hikari.pool.HikariPool - HikariPool-1 - Added connection com.mysql.cj.jdbc.ConnectionImpl@23bd047f
2026-01-17 22:25:45 [main] INFO  com.zaxxer.hikari.HikariDataSource - HikariPool-1 - Start completed.
2026-01-17 22:25:45 [main] WARN  org.hibernate.orm.deprecation - HHH90000025: MySQL8Dialect does not need to be specified explicitly using 'hibernate.dialect' (remove the property setting and it will be selected by default)
2026-01-17 22:25:45 [main] WARN  org.hibernate.orm.deprecation - HHH90000026: MySQL8Dialect has been deprecated; use org.hibernate.dialect.MySQLDialect instead
2026-01-17 22:25:47 [main] INFO  org.hibernate.engine.transaction.jta.platform.internal.JtaPlatformInitiator - HHH000489: No JTA platform available (set 'hibernate.transaction.jta.platform' to enable JTA platform integration)
2026-01-17 22:25:47 [main] INFO  org.springframework.orm.jpa.LocalContainerEntityManagerFactoryBean - Initialized JPA EntityManagerFactory for persistence unit 'default'
2026-01-17 22:25:48 [main] WARN  org.springframework.boot.autoconfigure.orm.jpa.JpaBaseConfiguration$JpaWebConfiguration - spring.jpa.open-in-view is enabled by default. Therefore, database queries may be performed during view rendering. Explicitly configure spring.jpa.open-in-view to disable this warning
2026-01-17 22:25:49 [main] INFO  org.apache.coyote.http11.Http11NioProtocol - Starting ProtocolHandler ["http-nio-8080"]
2026-01-17 22:25:49 [main] INFO  org.springframework.boot.web.embedded.tomcat.TomcatWebServer - Tomcat started on port 8080 (http) with context path ''
2026-01-17 22:25:49 [main] INFO  com.escuela.SistemaEscolarApplication - Started SistemaEscolarApplication in 9.133 seconds (process running for 10.362)
2026-01-17 22:26:11 [http-nio-8080-exec-1] INFO  org.apache.catalina.core.ContainerBase.[Tomcat].[localhost].[/] - Initializing Spring DispatcherServlet 'dispatcherServlet'
2026-01-17 22:26:11 [http-nio-8080-exec-1] INFO  org.springframework.web.servlet.DispatcherServlet - Initializing Servlet 'dispatcherServlet'
2026-01-17 22:26:11 [http-nio-8080-exec-1] INFO  org.springframework.web.servlet.DispatcherServlet - Completed initialization in 2 ms
2026-01-17 22:26:11 [http-nio-8080-exec-1] INFO  com.escuela.controller.AlumnoController - Solicitud POST /alumnos - Guardando alumno: Majo Diaz
2026-01-17 22:26:11 [http-nio-8080-exec-1] INFO  com.escuela.service.AlumnoService - Intentando guardar alumno: Majo Diaz
2026-01-17 22:26:11 [http-nio-8080-exec-1] WARN  org.hibernate.engine.jdbc.spi.SqlExceptionHelper - SQL Error: 1062, SQLState: 23000
2026-01-17 22:26:11 [http-nio-8080-exec-1] ERROR org.hibernate.engine.jdbc.spi.SqlExceptionHelper - Duplicate entry 'ABC2021' for key 'alumno.UK_ms90e3ai3054k89mp6x75us0h'
2026-01-17 22:26:11 [http-nio-8080-exec-1] ERROR com.escuela.service.AlumnoService - Error al guardar alumno Majo Diaz: could not execute statement [Duplicate entry 'ABC2021' for key 'alumno.UK_ms90e3ai3054k89mp6x75us0h'] [insert into alumno (email,fecha_registro,matricula,nombre) values (?,?,?,?)]; SQL [insert into alumno (email,fecha_registro,matricula,nombre) values (?,?,?,?)]; constraint [alumno.UK_ms90e3ai3054k89mp6x75us0h]
2026-01-17 22:26:11 [http-nio-8080-exec-1] ERROR com.escuela.controller.AlumnoController - Error al guardar alumno Majo Diaz: could not execute statement [Duplicate entry 'ABC2021' for key 'alumno.UK_ms90e3ai3054k89mp6x75us0h'] [insert into alumno (email,fecha_registro,matricula,nombre) values (?,?,?,?)]; SQL [insert into alumno (email,fecha_registro,matricula,nombre) values (?,?,?,?)]; constraint [alumno.UK_ms90e3ai3054k89mp6x75us0h]
2026-01-17 22:26:11 [http-nio-8080-exec-1] ERROR org.apache.catalina.core.ContainerBase.[Tomcat].[localhost].[/].[dispatcherServlet] - Servlet.service() for servlet [dispatcherServlet] in context with path [] threw exception [Request processing failed: org.springframework.dao.DataIntegrityViolationException: could not execute statement [Duplicate entry 'ABC2021' for key 'alumno.UK_ms90e3ai3054k89mp6x75us0h'] [insert into alumno (email,fecha_registro,matricula,nombre) values (?,?,?,?)]; SQL [insert into alumno (email,fecha_registro,matricula,nombre) values (?,?,?,?)]; constraint [alumno.UK_ms90e3ai3054k89mp6x75us0h]] with root cause
java.sql.SQLIntegrityConstraintViolationException: Duplicate entry 'ABC2021' for key 'alumno.UK_ms90e3ai3054k89mp6x75us0h'
	at com.mysql.cj.jdbc.exceptions.SQLError.createSQLException(SQLError.java:118) ~[mysql-connector-j-8.3.0.jar:8.3.0]
	at com.mysql.cj.jdbc.exceptions.SQLExceptionsMapping.translateException(SQLExceptionsMapping.java:122) ~[mysql-connector-j-8.3.0.jar:8.3.0]
	at com.mysql.cj.jdbc.ClientPreparedStatement.executeInternal(ClientPreparedStatement.java:912) ~[mysql-connector-j-8.3.0.jar:8.3.0]
	at com.mysql.cj.jdbc.ClientPreparedStatement.executeUpdateInternal(ClientPreparedStatement.java:1054) ~[mysql-connector-j-8.3.0.jar:8.3.0]
	at com.mysql.cj.jdbc.ClientPreparedStatement.executeUpdateInternal(ClientPreparedStatement.java:1003) ~[mysql-connector-j-8.3.0.jar:8.3.0]
	at com.mysql.cj.jdbc.ClientPreparedStatement.executeLargeUpdate(ClientPreparedStatement.java:1312) ~[mysql-connector-j-8.3.0.jar:8.3.0]
	at com.mysql.cj.jdbc.ClientPreparedStatement.executeUpdate(ClientPreparedStatement.java:988) ~[mysql-connector-j-8.3.0.jar:8.3.0]
	at com.zaxxer.hikari.pool.ProxyPreparedStatement.executeUpdate(ProxyPreparedStatement.java:61) ~[HikariCP-5.0.1.jar:?]
	at com.zaxxer.hikari.pool.HikariProxyPreparedStatement.executeUpdate(HikariProxyPreparedStatement.java) ~[HikariCP-5.0.1.jar:?]
	at org.hibernate.engine.jdbc.internal.ResultSetReturnImpl.executeUpdate(ResultSetReturnImpl.java:194) ~[hibernate-core-6.4.4.Final.jar:6.4.4.Final]
	at org.hibernate.id.insert.GetGeneratedKeysDelegate.performInsert(GetGeneratedKeysDelegate.java:107) ~[hibernate-core-6.4.4.Final.jar:6.4.4.Final]
	at org.hibernate.engine.jdbc.mutation.internal.MutationExecutorPostInsertSingleTable.execute(MutationExecutorPostInsertSingleTable.java:100) ~[hibernate-core-6.4.4.Final.jar:6.4.4.Final]
	at org.hibernate.persister.entity.mutation.InsertCoordinator.doStaticInserts(InsertCoordinator.java:175) ~[hibernate-core-6.4.4.Final.jar:6.4.4.Final]
	at org.hibernate.persister.entity.mutation.InsertCoordinator.coordinateInsert(InsertCoordinator.java:113) ~[hibernate-core-6.4.4.Final.jar:6.4.4.Final]
	at org.hibernate.persister.entity.AbstractEntityPersister.insert(AbstractEntityPersister.java:2868) ~[hibernate-core-6.4.4.Final.jar:6.4.4.Final]
	at org.hibernate.action.internal.EntityIdentityInsertAction.execute(EntityIdentityInsertAction.java:81) ~[hibernate-core-6.4.4.Final.jar:6.4.4.Final]
	at org.hibernate.engine.spi.ActionQueue.execute(ActionQueue.java:670) ~[hibernate-core-6.4.4.Final.jar:6.4.4.Final]
	at org.hibernate.engine.spi.ActionQueue.addResolvedEntityInsertAction(ActionQueue.java:291) ~[hibernate-core-6.4.4.Final.jar:6.4.4.Final]
	at org.hibernate.engine.spi.ActionQueue.addInsertAction(ActionQueue.java:272) ~[hibernate-core-6.4.4.Final.jar:6.4.4.Final]
	at org.hibernate.engine.spi.ActionQueue.addAction(ActionQueue.java:322) ~[hibernate-core-6.4.4.Final.jar:6.4.4.Final]
	at org.hibernate.event.internal.AbstractSaveEventListener.addInsertAction(AbstractSaveEventListener.java:386) ~[hibernate-core-6.4.4.Final.jar:6.4.4.Final]
	at org.hibernate.event.internal.AbstractSaveEventListener.performSaveOrReplicate(AbstractSaveEventListener.java:300) ~[hibernate-core-6.4.4.Final.jar:6.4.4.Final]
	at org.hibernate.event.internal.AbstractSaveEventListener.performSave(AbstractSaveEventListener.java:219) ~[hibernate-core-6.4.4.Final.jar:6.4.4.Final]
	at org.hibernate.event.internal.AbstractSaveEventListener.saveWithGeneratedId(AbstractSaveEventListener.java:134) ~[hibernate-core-6.4.4.Final.jar:6.4.4.Final]
	at org.hibernate.event.internal.DefaultPersistEventListener.entityIsTransient(DefaultPersistEventListener.java:175) ~[hibernate-core-6.4.4.Final.jar:6.4.4.Final]
	at org.hibernate.event.internal.DefaultPersistEventListener.persist(DefaultPersistEventListener.java:93) ~[hibernate-core-6.4.4.Final.jar:6.4.4.Final]
	at org.hibernate.event.internal.DefaultPersistEventListener.onPersist(DefaultPersistEventListener.java:77) ~[hibernate-core-6.4.4.Final.jar:6.4.4.Final]
	at org.hibernate.event.internal.DefaultPersistEventListener.onPersist(DefaultPersistEventListener.java:54) ~[hibernate-core-6.4.4.Final.jar:6.4.4.Final]
	at org.hibernate.event.service.internal.EventListenerGroupImpl.fireEventOnEachListener(EventListenerGroupImpl.java:127) ~[hibernate-core-6.4.4.Final.jar:6.4.4.Final]
	at org.hibernate.internal.SessionImpl.firePersist(SessionImpl.java:754) ~[hibernate-core-6.4.4.Final.jar:6.4.4.Final]
	at org.hibernate.internal.SessionImpl.persist(SessionImpl.java:738) ~[hibernate-core-6.4.4.Final.jar:6.4.4.Final]
	at java.base/jdk.internal.reflect.NativeMethodAccessorImpl.invoke0(Native Method) ~[?:?]
	at java.base/jdk.internal.reflect.NativeMethodAccessorImpl.invoke(NativeMethodAccessorImpl.java:77) ~[?:?]
	at java.base/jdk.internal.reflect.DelegatingMethodAccessorImpl.invoke(DelegatingMethodAccessorImpl.java:43) ~[?:?]
	at java.base/java.lang.reflect.Method.invoke(Method.java:569) ~[?:?]
	at org.springframework.orm.jpa.ExtendedEntityManagerCreator$ExtendedEntityManagerInvocationHandler.invoke(ExtendedEntityManagerCreator.java:364) ~[spring-orm-6.1.6.jar:6.1.6]
	at jdk.proxy2/jdk.proxy2.$Proxy132.persist(Unknown Source) ~[?:?]
	at java.base/jdk.internal.reflect.NativeMethodAccessorImpl.invoke0(Native Method) ~[?:?]
	at java.base/jdk.internal.reflect.NativeMethodAccessorImpl.invoke(NativeMethodAccessorImpl.java:77) ~[?:?]
	at java.base/jdk.internal.reflect.DelegatingMethodAccessorImpl.invoke(DelegatingMethodAccessorImpl.java:43) ~[?:?]
	at java.base/java.lang.reflect.Method.invoke(Method.java:569) ~[?:?]
	at org.springframework.orm.jpa.SharedEntityManagerCreator$SharedEntityManagerInvocationHandler.invoke(SharedEntityManagerCreator.java:319) ~[spring-orm-6.1.6.jar:6.1.6]
	at jdk.proxy2/jdk.proxy2.$Proxy132.persist(Unknown Source) ~[?:?]
	at org.springframework.data.jpa.repository.support.SimpleJpaRepository.save(SimpleJpaRepository.java:618) ~[spring-data-jpa-3.2.5.jar:3.2.5]
	at java.base/jdk.internal.reflect.NativeMethodAccessorImpl.invoke0(Native Method) ~[?:?]
	at java.base/jdk.internal.reflect.NativeMethodAccessorImpl.invoke(NativeMethodAccessorImpl.java:77) ~[?:?]
	at java.base/jdk.internal.reflect.DelegatingMethodAccessorImpl.invoke(DelegatingMethodAccessorImpl.java:43) ~[?:?]
	at java.base/java.lang.reflect.Method.invoke(Method.java:569) ~[?:?]
	at org.springframework.aop.support.AopUtils.invokeJoinpointUsingReflection(AopUtils.java:354) ~[spring-aop-6.1.6.jar:6.1.6]
	at org.springframework.data.repository.core.support.RepositoryMethodInvoker$RepositoryFragmentMethodInvoker.lambda$new$0(RepositoryMethodInvoker.java:277) ~[spring-data-commons-3.2.5.jar:3.2.5]
	at org.springframework.data.repository.core.support.RepositoryMethodInvoker.doInvoke(RepositoryMethodInvoker.java:170) ~[spring-data-commons-3.2.5.jar:3.2.5]
	at org.springframework.data.repository.core.support.RepositoryMethodInvoker.invoke(RepositoryMethodInvoker.java:158) ~[spring-data-commons-3.2.5.jar:3.2.5]
	at org.springframework.data.repository.core.support.RepositoryComposition$RepositoryFragments.invoke(RepositoryComposition.java:516) ~[spring-data-commons-3.2.5.jar:3.2.5]
	at org.springframework.data.repository.core.support.RepositoryComposition.invoke(RepositoryComposition.java:285) ~[spring-data-commons-3.2.5.jar:3.2.5]
	at org.springframework.data.repository.core.support.RepositoryFactorySupport$ImplementationMethodExecutionInterceptor.invoke(RepositoryFactorySupport.java:628) ~[spring-data-commons-3.2.5.jar:3.2.5]
	at org.springframework.aop.framework.ReflectiveMethodInvocation.proceed(ReflectiveMethodInvocation.java:184) ~[spring-aop-6.1.6.jar:6.1.6]
	at org.springframework.data.repository.core.support.QueryExecutorMethodInterceptor.doInvoke(QueryExecutorMethodInterceptor.java:168) ~[spring-data-commons-3.2.5.jar:3.2.5]
	at org.springframework.data.repository.core.support.QueryExecutorMethodInterceptor.invoke(QueryExecutorMethodInterceptor.java:143) ~[spring-data-commons-3.2.5.jar:3.2.5]
	at org.springframework.aop.framework.ReflectiveMethodInvocation.proceed(ReflectiveMethodInvocation.java:184) ~[spring-aop-6.1.6.jar:6.1.6]
	at org.springframework.data.projection.DefaultMethodInvokingMethodInterceptor.invoke(DefaultMethodInvokingMethodInterceptor.java:70) ~[spring-data-commons-3.2.5.jar:3.2.5]
	at org.springframework.aop.framework.ReflectiveMethodInvocation.proceed(ReflectiveMethodInvocation.java:184) ~[spring-aop-6.1.6.jar:6.1.6]
	at org.springframework.transaction.interceptor.TransactionInterceptor$1.proceedWithInvocation(TransactionInterceptor.java:123) ~[spring-tx-6.1.6.jar:6.1.6]
	at org.springframework.transaction.interceptor.TransactionAspectSupport.invokeWithinTransaction(TransactionAspectSupport.java:392) ~[spring-tx-6.1.6.jar:6.1.6]
	at org.springframework.transaction.interceptor.TransactionInterceptor.invoke(TransactionInterceptor.java:119) ~[spring-tx-6.1.6.jar:6.1.6]
	at org.springframework.aop.framework.ReflectiveMethodInvocation.proceed(ReflectiveMethodInvocation.java:184) ~[spring-aop-6.1.6.jar:6.1.6]
	at org.springframework.dao.support.PersistenceExceptionTranslationInterceptor.invoke(PersistenceExceptionTranslationInterceptor.java:137) ~[spring-tx-6.1.6.jar:6.1.6]
	at org.springframework.aop.framework.ReflectiveMethodInvocation.proceed(ReflectiveMethodInvocation.java:184) ~[spring-aop-6.1.6.jar:6.1.6]
	at org.springframework.data.jpa.repository.support.CrudMethodMetadataPostProcessor$CrudMethodMetadataPopulatingMethodInterceptor.invoke(CrudMethodMetadataPostProcessor.java:164) ~[spring-data-jpa-3.2.5.jar:3.2.5]
	at org.springframework.aop.framework.ReflectiveMethodInvocation.proceed(ReflectiveMethodInvocation.java:184) ~[spring-aop-6.1.6.jar:6.1.6]
	at org.springframework.aop.interceptor.ExposeInvocationInterceptor.invoke(ExposeInvocationInterceptor.java:97) ~[spring-aop-6.1.6.jar:6.1.6]
	at org.springframework.aop.framework.ReflectiveMethodInvocation.proceed(ReflectiveMethodInvocation.java:184) ~[spring-aop-6.1.6.jar:6.1.6]
	at org.springframework.aop.framework.JdkDynamicAopProxy.invoke(JdkDynamicAopProxy.java:223) ~[spring-aop-6.1.6.jar:6.1.6]
	at jdk.proxy2/jdk.proxy2.$Proxy135.save(Unknown Source) ~[?:?]
	at com.escuela.service.AlumnoService.guardar(AlumnoService.java:36) ~[classes/:?]
	at com.escuela.controller.AlumnoController.guardar(AlumnoController.java:57) ~[classes/:?]
	at java.base/jdk.internal.reflect.NativeMethodAccessorImpl.invoke0(Native Method) ~[?:?]
	at java.base/jdk.internal.reflect.NativeMethodAccessorImpl.invoke(NativeMethodAccessorImpl.java:77) ~[?:?]
	at java.base/jdk.internal.reflect.DelegatingMethodAccessorImpl.invoke(DelegatingMethodAccessorImpl.java:43) ~[?:?]
	at java.base/java.lang.reflect.Method.invoke(Method.java:569) ~[?:?]
	at org.springframework.web.method.support.InvocableHandlerMethod.doInvoke(InvocableHandlerMethod.java:255) ~[spring-web-6.1.6.jar:6.1.6]
	at org.springframework.web.method.support.InvocableHandlerMethod.invokeForRequest(InvocableHandlerMethod.java:188) ~[spring-web-6.1.6.jar:6.1.6]
	at org.springframework.web.servlet.mvc.method.annotation.ServletInvocableHandlerMethod.invokeAndHandle(ServletInvocableHandlerMethod.java:118) ~[spring-webmvc-6.1.6.jar:6.1.6]
	at org.springframework.web.servlet.mvc.method.annotation.RequestMappingHandlerAdapter.invokeHandlerMethod(RequestMappingHandlerAdapter.java:926) ~[spring-webmvc-6.1.6.jar:6.1.6]
	at org.springframework.web.servlet.mvc.method.annotation.RequestMappingHandlerAdapter.handleInternal(RequestMappingHandlerAdapter.java:831) ~[spring-webmvc-6.1.6.jar:6.1.6]
	at org.springframework.web.servlet.mvc.method.AbstractHandlerMethodAdapter.handle(AbstractHandlerMethodAdapter.java:87) ~[spring-webmvc-6.1.6.jar:6.1.6]
	at org.springframework.web.servlet.DispatcherServlet.doDispatch(DispatcherServlet.java:1089) ~[spring-webmvc-6.1.6.jar:6.1.6]
	at org.springframework.web.servlet.DispatcherServlet.doService(DispatcherServlet.java:979) ~[spring-webmvc-6.1.6.jar:6.1.6]
	at org.springframework.web.servlet.FrameworkServlet.processRequest(FrameworkServlet.java:1014) ~[spring-webmvc-6.1.6.jar:6.1.6]
	at org.springframework.web.servlet.FrameworkServlet.doPost(FrameworkServlet.java:914) ~[spring-webmvc-6.1.6.jar:6.1.6]
	at jakarta.servlet.http.HttpServlet.service(HttpServlet.java:590) ~[tomcat-embed-core-10.1.20.jar:6.0]
	at org.springframework.web.servlet.FrameworkServlet.service(FrameworkServlet.java:885) ~[spring-webmvc-6.1.6.jar:6.1.6]
	at jakarta.servlet.http.HttpServlet.service(HttpServlet.java:658) ~[tomcat-embed-core-10.1.20.jar:6.0]
	at org.apache.catalina.core.ApplicationFilterChain.internalDoFilter(ApplicationFilterChain.java:206) ~[tomcat-embed-core-10.1.20.jar:10.1.20]
	at org.apache.catalina.core.ApplicationFilterChain.doFilter(ApplicationFilterChain.java:150) ~[tomcat-embed-core-10.1.20.jar:10.1.20]
	at org.apache.tomcat.websocket.server.WsFilter.doFilter(WsFilter.java:51) ~[tomcat-embed-websocket-10.1.20.jar:10.1.20]
	at org.apache.catalina.core.ApplicationFilterChain.internalDoFilter(ApplicationFilterChain.java:175) ~[tomcat-embed-core-10.1.20.jar:10.1.20]
	at org.apache.catalina.core.ApplicationFilterChain.doFilter(ApplicationFilterChain.java:150) ~[tomcat-embed-core-10.1.20.jar:10.1.20]
	at org.springframework.web.filter.RequestContextFilter.doFilterInternal(RequestContextFilter.java:100) ~[spring-web-6.1.6.jar:6.1.6]
	at org.springframework.web.filter.OncePerRequestFilter.doFilter(OncePerRequestFilter.java:116) ~[spring-web-6.1.6.jar:6.1.6]
	at org.apache.catalina.core.ApplicationFilterChain.internalDoFilter(ApplicationFilterChain.java:175) ~[tomcat-embed-core-10.1.20.jar:10.1.20]
	at org.apache.catalina.core.ApplicationFilterChain.doFilter(ApplicationFilterChain.java:150) ~[tomcat-embed-core-10.1.20.jar:10.1.20]
	at org.springframework.web.filter.FormContentFilter.doFilterInternal(FormContentFilter.java:93) ~[spring-web-6.1.6.jar:6.1.6]
	at org.springframework.web.filter.OncePerRequestFilter.doFilter(OncePerRequestFilter.java:116) ~[spring-web-6.1.6.jar:6.1.6]
	at org.apache.catalina.core.ApplicationFilterChain.internalDoFilter(ApplicationFilterChain.java:175) ~[tomcat-embed-core-10.1.20.jar:10.1.20]
	at org.apache.catalina.core.ApplicationFilterChain.doFilter(ApplicationFilterChain.java:150) ~[tomcat-embed-core-10.1.20.jar:10.1.20]
	at org.springframework.web.filter.CharacterEncodingFilter.doFilterInternal(CharacterEncodingFilter.java:201) ~[spring-web-6.1.6.jar:6.1.6]
	at org.springframework.web.filter.OncePerRequestFilter.doFilter(OncePerRequestFilter.java:116) ~[spring-web-6.1.6.jar:6.1.6]
	at org.apache.catalina.core.ApplicationFilterChain.internalDoFilter(ApplicationFilterChain.java:175) ~[tomcat-embed-core-10.1.20.jar:10.1.20]
	at org.apache.catalina.core.ApplicationFilterChain.doFilter(ApplicationFilterChain.java:150) ~[tomcat-embed-core-10.1.20.jar:10.1.20]
	at org.apache.catalina.core.StandardWrapperValve.invoke(StandardWrapperValve.java:167) [tomcat-embed-core-10.1.20.jar:10.1.20]
	at org.apache.catalina.core.StandardContextValve.invoke(StandardContextValve.java:90) [tomcat-embed-core-10.1.20.jar:10.1.20]
	at org.apache.catalina.authenticator.AuthenticatorBase.invoke(AuthenticatorBase.java:482) [tomcat-embed-core-10.1.20.jar:10.1.20]
	at org.apache.catalina.core.StandardHostValve.invoke(StandardHostValve.java:115) [tomcat-embed-core-10.1.20.jar:10.1.20]
	at org.apache.catalina.valves.ErrorReportValve.invoke(ErrorReportValve.java:93) [tomcat-embed-core-10.1.20.jar:10.1.20]
	at org.apache.catalina.core.StandardEngineValve.invoke(StandardEngineValve.java:74) [tomcat-embed-core-10.1.20.jar:10.1.20]
	at org.apache.catalina.connector.CoyoteAdapter.service(CoyoteAdapter.java:344) [tomcat-embed-core-10.1.20.jar:10.1.20]
	at org.apache.coyote.http11.Http11Processor.service(Http11Processor.java:391) [tomcat-embed-core-10.1.20.jar:10.1.20]
	at org.apache.coyote.AbstractProcessorLight.process(AbstractProcessorLight.java:63) [tomcat-embed-core-10.1.20.jar:10.1.20]
	at org.apache.coyote.AbstractProtocol$ConnectionHandler.process(AbstractProtocol.java:896) [tomcat-embed-core-10.1.20.jar:10.1.20]
	at org.apache.tomcat.util.net.NioEndpoint$SocketProcessor.doRun(NioEndpoint.java:1736) [tomcat-embed-core-10.1.20.jar:10.1.20]
	at org.apache.tomcat.util.net.SocketProcessorBase.run(SocketProcessorBase.java:52) [tomcat-embed-core-10.1.20.jar:10.1.20]
	at org.apache.tomcat.util.threads.ThreadPoolExecutor.runWorker(ThreadPoolExecutor.java:1191) [tomcat-embed-core-10.1.20.jar:10.1.20]
	at org.apache.tomcat.util.threads.ThreadPoolExecutor$Worker.run(ThreadPoolExecutor.java:659) [tomcat-embed-core-10.1.20.jar:10.1.20]
	at org.apache.tomcat.util.threads.TaskThread$WrappingRunnable.run(TaskThread.java:63) [tomcat-embed-core-10.1.20.jar:10.1.20]
	at java.base/java.lang.Thread.run(Thread.java:840) [?:?]
2026-01-17 22:26:44 [http-nio-8080-exec-4] INFO  com.escuela.controller.AlumnoController - Solicitud POST /alumnos - Guardando alumno: Majo Diaz
2026-01-17 22:26:44 [http-nio-8080-exec-4] INFO  com.escuela.service.AlumnoService - Intentando guardar alumno: Majo Diaz
2026-01-17 22:26:44 [http-nio-8080-exec-4] INFO  com.escuela.service.AlumnoService - Alumno guardado con ID: 7
2026-01-17 22:26:44 [http-nio-8080-exec-4] DEBUG com.escuela.controller.AlumnoController - Alumno guardado con ID: 7
2026-01-17 22:27:10 [http-nio-8080-exec-5] INFO  com.escuela.controller.AlumnoController - Solicitud GET /alumnos - Listando todos los alumnos
2026-01-17 22:27:10 [http-nio-8080-exec-5] INFO  com.escuela.service.AlumnoService - Listando todos los alumnos
2026-01-17 22:27:10 [http-nio-8080-exec-5] DEBUG com.escuela.service.AlumnoService - Cantidad de alumnos encontrados: 3
2026-01-17 22:27:10 [http-nio-8080-exec-5] DEBUG com.escuela.controller.AlumnoController - Cantidad de alumnos encontrados: 3
2026-01-17 22:27:29 [http-nio-8080-exec-6] INFO  com.escuela.controller.AlumnoController - Solicitud GET /alumnos/7 - Buscando alumno
2026-01-17 22:27:29 [http-nio-8080-exec-6] INFO  com.escuela.service.AlumnoService - Buscando alumno con ID: 7
2026-01-17 22:27:29 [http-nio-8080-exec-6] DEBUG com.escuela.service.AlumnoService - Alumno encontrado: Majo Diaz
2026-01-17 22:27:29 [http-nio-8080-exec-6] DEBUG com.escuela.controller.AlumnoController - Alumno encontrado: Majo Diaz
2026-01-17 22:28:27 [http-nio-8080-exec-7] INFO  com.escuela.controller.AlumnoController - Solicitud DELETE /alumnos/6 - Eliminando alumno
2026-01-17 22:28:27 [http-nio-8080-exec-7] INFO  com.escuela.service.AlumnoService - Eliminando alumno con ID: 6
2026-01-17 22:28:27 [http-nio-8080-exec-7] DEBUG com.escuela.service.AlumnoService - Alumno eliminado con ID: 6
2026-01-17 22:28:27 [http-nio-8080-exec-7] DEBUG com.escuela.controller.AlumnoController - Alumno eliminado con id 6
2026-01-18 13:44:26 [main] INFO  com.escuela.controller.AlumnoController - Solicitud PUT /alumnos/1 - Actualizando alumno
2026-01-18 13:44:26 [main] DEBUG com.escuela.controller.AlumnoController - Alumno actualizado: Juan Actualizado
2026-01-18 13:44:26 [main] INFO  com.escuela.controller.AlumnoController - Solicitud GET /alumnos/3 - Buscando alumno
2026-01-18 13:44:26 [main] ERROR com.escuela.controller.AlumnoController - Error al buscar alumno con id 3: Alumno no encontrado
2026-01-18 13:44:26 [main] INFO  com.escuela.controller.AlumnoController - Solicitud POST /alumnos - Guardando alumno: Juan Perez
2026-01-18 13:44:26 [main] DEBUG com.escuela.controller.AlumnoController - Alumno guardado con ID: 1
2026-01-18 13:44:26 [main] INFO  com.escuela.controller.AlumnoController - Solicitud GET /alumnos/1 - Buscando alumno
2026-01-18 13:44:26 [main] DEBUG com.escuela.controller.AlumnoController - Alumno encontrado: Juan Perez
2026-01-18 13:44:26 [main] INFO  com.escuela.controller.AlumnoController - Solicitud DELETE /alumnos/1 - Eliminando alumno
2026-01-18 13:44:26 [main] DEBUG com.escuela.controller.AlumnoController - Alumno eliminado con id 1
2026-01-18 13:44:26 [main] INFO  com.escuela.controller.AlumnoController - Solicitud GET /alumnos - Listando todos los alumnos
2026-01-18 13:44:26 [main] DEBUG com.escuela.controller.AlumnoController - Cantidad de alumnos encontrados: 2
2026-01-18 13:47:40 [main] INFO  com.escuela.service.AlumnoService - Buscando alumno con ID: 3
2026-01-18 13:47:40 [main] ERROR com.escuela.service.AlumnoService - Error al buscar alumno con ID 3: Alumno no encontrado
2026-01-18 13:47:40 [main] INFO  com.escuela.service.AlumnoService - Intentando guardar alumno: null
2026-01-18 13:47:40 [main] ERROR com.escuela.service.AlumnoService - Error al guardar alumno null: El nombre del alumno es obligatorio
2026-01-18 13:47:40 [main] INFO  com.escuela.service.AlumnoService - Actualizando alumno con ID: 1
2026-01-18 13:47:40 [main] DEBUG com.escuela.service.AlumnoService - Alumno antes de actualizar: com.escuela.model.Alumno@3a22bad6
2026-01-18 13:47:40 [main] DEBUG com.escuela.service.AlumnoService - Alumno actualizado: com.escuela.model.Alumno@3a22bad6
2026-01-18 13:47:40 [main] INFO  com.escuela.service.AlumnoService - Alumno con ID 1 actualizado correctamente
2026-01-18 13:47:40 [main] INFO  com.escuela.service.AlumnoService - Actualizando alumno con ID: 3
2026-01-18 13:47:40 [main] ERROR com.escuela.service.AlumnoService - Error al actualizar alumno con ID 3: Alumno no encontrado
2026-01-18 13:47:40 [main] INFO  com.escuela.service.AlumnoService - Intentando guardar alumno: Juan Perez
2026-01-18 13:47:40 [main] INFO  com.escuela.service.AlumnoService - Alumno guardado con ID: 1
2026-01-18 13:47:40 [main] INFO  com.escuela.service.AlumnoService - Buscando alumno con ID: 1
2026-01-18 13:47:40 [main] DEBUG com.escuela.service.AlumnoService - Alumno encontrado: Juan Perez
2026-01-18 13:47:40 [main] INFO  com.escuela.service.AlumnoService - Eliminando alumno con ID: 1
2026-01-18 13:47:40 [main] DEBUG com.escuela.service.AlumnoService - Alumno eliminado con ID: 1
2026-01-18 13:47:40 [main] INFO  com.escuela.service.AlumnoService - Listando todos los alumnos
2026-01-18 13:47:40 [main] DEBUG com.escuela.service.AlumnoService - Cantidad de alumnos encontrados: 2
2026-01-18 14:32:54 [main] INFO  com.escuela.controller.CalificacionController - POST /calificaciones - inscripcionId=1
2026-01-18 14:32:54 [main] WARN  com.escuela.controller.CalificacionController - DELETE /calificaciones/1
2026-01-18 14:36:12 [background-preinit] INFO  org.hibernate.validator.internal.util.Version - HV000001: Hibernate Validator 8.0.1.Final
2026-01-18 14:36:12 [main] INFO  com.escuela.SistemaEscolarApplication - Starting SistemaEscolarApplication using Java 17.0.17 with PID 27440 (C:\spring\spring-workspace\sistema-escolar\sistema-escolar\target\classes started by edgar in C:\spring\spring-workspace\sistema-escolar\sistema-escolar)
2026-01-18 14:36:12 [main] DEBUG com.escuela.SistemaEscolarApplication - Running with Spring Boot v3.2.5, Spring v6.1.6
2026-01-18 14:36:12 [main] INFO  com.escuela.SistemaEscolarApplication - No active profile set, falling back to 1 default profile: "default"
2026-01-18 14:36:14 [main] INFO  org.springframework.data.repository.config.RepositoryConfigurationDelegate - Bootstrapping Spring Data JPA repositories in DEFAULT mode.
2026-01-18 14:36:14 [main] INFO  org.springframework.data.repository.config.RepositoryConfigurationDelegate - Finished Spring Data repository scanning in 125 ms. Found 5 JPA repository interfaces.
2026-01-18 14:36:15 [main] INFO  org.springframework.boot.web.embedded.tomcat.TomcatWebServer - Tomcat initialized with port 8080 (http)
2026-01-18 14:36:15 [main] INFO  org.apache.coyote.http11.Http11NioProtocol - Initializing ProtocolHandler ["http-nio-8080"]
2026-01-18 14:36:15 [main] INFO  org.apache.catalina.core.StandardService - Starting service [Tomcat]
2026-01-18 14:36:15 [main] INFO  org.apache.catalina.core.StandardEngine - Starting Servlet engine: [Apache Tomcat/10.1.20]
2026-01-18 14:36:15 [main] INFO  org.apache.catalina.core.ContainerBase.[Tomcat].[localhost].[/] - Initializing Spring embedded WebApplicationContext
2026-01-18 14:36:15 [main] INFO  org.springframework.boot.web.servlet.context.ServletWebServerApplicationContext - Root WebApplicationContext: initialization completed in 2518 ms
2026-01-18 14:36:15 [main] INFO  org.hibernate.jpa.internal.util.LogHelper - HHH000204: Processing PersistenceUnitInfo [name: default]
2026-01-18 14:36:15 [main] INFO  org.hibernate.Version - HHH000412: Hibernate ORM core version 6.4.4.Final
2026-01-18 14:36:16 [main] INFO  org.hibernate.cache.internal.RegionFactoryInitiator - HHH000026: Second-level cache disabled
2026-01-18 14:36:16 [main] INFO  org.springframework.orm.jpa.persistenceunit.SpringPersistenceUnitInfo - No LoadTimeWeaver setup: ignoring JPA class transformer
2026-01-18 14:36:16 [main] INFO  com.zaxxer.hikari.HikariDataSource - HikariPool-1 - Starting...
2026-01-18 14:36:16 [main] INFO  com.zaxxer.hikari.pool.HikariPool - HikariPool-1 - Added connection com.mysql.cj.jdbc.ConnectionImpl@a95cb11
2026-01-18 14:36:16 [main] INFO  com.zaxxer.hikari.HikariDataSource - HikariPool-1 - Start completed.
2026-01-18 14:36:16 [main] WARN  org.hibernate.orm.deprecation - HHH90000025: MySQL8Dialect does not need to be specified explicitly using 'hibernate.dialect' (remove the property setting and it will be selected by default)
2026-01-18 14:36:16 [main] WARN  org.hibernate.orm.deprecation - HHH90000026: MySQL8Dialect has been deprecated; use org.hibernate.dialect.MySQLDialect instead
2026-01-18 14:36:18 [main] INFO  org.hibernate.engine.transaction.jta.platform.internal.JtaPlatformInitiator - HHH000489: No JTA platform available (set 'hibernate.transaction.jta.platform' to enable JTA platform integration)
2026-01-18 14:36:18 [main] INFO  org.springframework.orm.jpa.LocalContainerEntityManagerFactoryBean - Initialized JPA EntityManagerFactory for persistence unit 'default'
2026-01-18 14:36:19 [main] WARN  org.springframework.boot.autoconfigure.orm.jpa.JpaBaseConfiguration$JpaWebConfiguration - spring.jpa.open-in-view is enabled by default. Therefore, database queries may be performed during view rendering. Explicitly configure spring.jpa.open-in-view to disable this warning
2026-01-18 14:36:19 [main] INFO  org.apache.coyote.http11.Http11NioProtocol - Starting ProtocolHandler ["http-nio-8080"]
2026-01-18 14:36:19 [main] INFO  org.springframework.boot.web.embedded.tomcat.TomcatWebServer - Tomcat started on port 8080 (http) with context path ''
2026-01-18 14:36:19 [main] INFO  com.escuela.SistemaEscolarApplication - Started SistemaEscolarApplication in 7.574 seconds (process running for 8.838)
2026-01-18 14:49:37 [background-preinit] INFO  org.hibernate.validator.internal.util.Version - HV000001: Hibernate Validator 8.0.1.Final
2026-01-18 14:49:37 [main] INFO  com.escuela.SistemaEscolarApplication - Starting SistemaEscolarApplication using Java 17.0.17 with PID 29440 (C:\spring\spring-workspace\sistema-escolar\sistema-escolar\target\classes started by edgar in C:\spring\spring-workspace\sistema-escolar\sistema-escolar)
2026-01-18 14:49:37 [main] DEBUG com.escuela.SistemaEscolarApplication - Running with Spring Boot v3.2.5, Spring v6.1.6
2026-01-18 14:49:37 [main] INFO  com.escuela.SistemaEscolarApplication - No active profile set, falling back to 1 default profile: "default"
2026-01-18 14:49:38 [main] INFO  org.springframework.data.repository.config.RepositoryConfigurationDelegate - Bootstrapping Spring Data JPA repositories in DEFAULT mode.
2026-01-18 14:49:38 [main] INFO  org.springframework.data.repository.config.RepositoryConfigurationDelegate - Finished Spring Data repository scanning in 127 ms. Found 5 JPA repository interfaces.
2026-01-18 14:49:39 [main] INFO  org.springframework.boot.web.embedded.tomcat.TomcatWebServer - Tomcat initialized with port 8080 (http)
2026-01-18 14:49:39 [main] INFO  org.apache.coyote.http11.Http11NioProtocol - Initializing ProtocolHandler ["http-nio-0.0.0.0-8080"]
2026-01-18 14:49:39 [main] INFO  org.apache.catalina.core.StandardService - Starting service [Tomcat]
2026-01-18 14:49:39 [main] INFO  org.apache.catalina.core.StandardEngine - Starting Servlet engine: [Apache Tomcat/10.1.20]
2026-01-18 14:49:39 [main] INFO  org.apache.catalina.core.ContainerBase.[Tomcat].[localhost].[/] - Initializing Spring embedded WebApplicationContext
2026-01-18 14:49:39 [main] INFO  org.springframework.boot.web.servlet.context.ServletWebServerApplicationContext - Root WebApplicationContext: initialization completed in 2451 ms
2026-01-18 14:49:40 [main] INFO  org.hibernate.jpa.internal.util.LogHelper - HHH000204: Processing PersistenceUnitInfo [name: default]
2026-01-18 14:49:40 [main] INFO  org.hibernate.Version - HHH000412: Hibernate ORM core version 6.4.4.Final
2026-01-18 14:49:40 [main] INFO  org.hibernate.cache.internal.RegionFactoryInitiator - HHH000026: Second-level cache disabled
2026-01-18 14:49:40 [main] INFO  org.springframework.orm.jpa.persistenceunit.SpringPersistenceUnitInfo - No LoadTimeWeaver setup: ignoring JPA class transformer
2026-01-18 14:49:40 [main] INFO  com.zaxxer.hikari.HikariDataSource - HikariPool-1 - Starting...
2026-01-18 14:49:41 [main] INFO  com.zaxxer.hikari.pool.HikariPool - HikariPool-1 - Added connection com.mysql.cj.jdbc.ConnectionImpl@2513155a
2026-01-18 14:49:41 [main] INFO  com.zaxxer.hikari.HikariDataSource - HikariPool-1 - Start completed.
2026-01-18 14:49:41 [main] WARN  org.hibernate.orm.deprecation - HHH90000025: MySQL8Dialect does not need to be specified explicitly using 'hibernate.dialect' (remove the property setting and it will be selected by default)
2026-01-18 14:49:41 [main] WARN  org.hibernate.orm.deprecation - HHH90000026: MySQL8Dialect has been deprecated; use org.hibernate.dialect.MySQLDialect instead
2026-01-18 14:49:42 [main] INFO  org.hibernate.engine.transaction.jta.platform.internal.JtaPlatformInitiator - HHH000489: No JTA platform available (set 'hibernate.transaction.jta.platform' to enable JTA platform integration)
2026-01-18 14:49:42 [main] INFO  org.springframework.orm.jpa.LocalContainerEntityManagerFactoryBean - Initialized JPA EntityManagerFactory for persistence unit 'default'
2026-01-18 14:49:43 [main] WARN  org.springframework.boot.autoconfigure.orm.jpa.JpaBaseConfiguration$JpaWebConfiguration - spring.jpa.open-in-view is enabled by default. Therefore, database queries may be performed during view rendering. Explicitly configure spring.jpa.open-in-view to disable this warning
2026-01-18 14:49:43 [main] INFO  org.apache.coyote.http11.Http11NioProtocol - Starting ProtocolHandler ["http-nio-0.0.0.0-8080"]
2026-01-18 14:49:43 [main] INFO  org.springframework.boot.web.embedded.tomcat.TomcatWebServer - Tomcat started on port 8080 (http) with context path ''
2026-01-18 14:49:43 [main] INFO  com.escuela.SistemaEscolarApplication - Started SistemaEscolarApplication in 6.989 seconds (process running for 8.17)
2026-01-18 14:58:36 [http-nio-0.0.0.0-8080-exec-1] INFO  org.apache.catalina.core.ContainerBase.[Tomcat].[localhost].[/] - Initializing Spring DispatcherServlet 'dispatcherServlet'
2026-01-18 14:58:36 [http-nio-0.0.0.0-8080-exec-1] INFO  org.springframework.web.servlet.DispatcherServlet - Initializing Servlet 'dispatcherServlet'
2026-01-18 14:58:36 [http-nio-0.0.0.0-8080-exec-1] INFO  org.springframework.web.servlet.DispatcherServlet - Completed initialization in 2 ms
2026-01-18 14:59:03 [http-nio-0.0.0.0-8080-exec-3] INFO  com.escuela.controller.AlumnoController - Solicitud GET /alumnos - Listando todos los alumnos
2026-01-18 14:59:03 [http-nio-0.0.0.0-8080-exec-3] INFO  com.escuela.service.AlumnoService - Listando todos los alumnos
2026-01-18 14:59:03 [http-nio-0.0.0.0-8080-exec-3] DEBUG com.escuela.service.AlumnoService - Cantidad de alumnos encontrados: 3
2026-01-18 14:59:03 [http-nio-0.0.0.0-8080-exec-3] DEBUG com.escuela.controller.AlumnoController - Cantidad de alumnos encontrados: 3
2026-01-18 15:00:38 [http-nio-0.0.0.0-8080-exec-1] INFO  com.escuela.controller.AlumnoController - Solicitud GET /alumnos - Listando todos los alumnos
2026-01-18 15:00:38 [http-nio-0.0.0.0-8080-exec-1] INFO  com.escuela.service.AlumnoService - Listando todos los alumnos
2026-01-18 15:00:38 [http-nio-0.0.0.0-8080-exec-1] DEBUG com.escuela.service.AlumnoService - Cantidad de alumnos encontrados: 3
2026-01-18 15:00:38 [http-nio-0.0.0.0-8080-exec-1] DEBUG com.escuela.controller.AlumnoController - Cantidad de alumnos encontrados: 3
2026-01-18 15:47:33 [background-preinit] INFO  org.hibernate.validator.internal.util.Version - HV000001: Hibernate Validator 8.0.1.Final
2026-01-18 15:47:33 [main] INFO  com.escuela.SistemaEscolarApplication - Starting SistemaEscolarApplication using Java 17.0.17 with PID 36888 (C:\spring\spring-workspace\sistema-escolar\sistema-escolar\target\classes started by edgar in C:\spring\spring-workspace\sistema-escolar\sistema-escolar)
2026-01-18 15:47:33 [main] DEBUG com.escuela.SistemaEscolarApplication - Running with Spring Boot v3.2.5, Spring v6.1.6
2026-01-18 15:47:33 [main] INFO  com.escuela.SistemaEscolarApplication - No active profile set, falling back to 1 default profile: "default"
2026-01-18 15:47:36 [main] INFO  org.springframework.data.repository.config.RepositoryConfigurationDelegate - Bootstrapping Spring Data JPA repositories in DEFAULT mode.
2026-01-18 15:47:36 [main] INFO  org.springframework.data.repository.config.RepositoryConfigurationDelegate - Finished Spring Data repository scanning in 135 ms. Found 5 JPA repository interfaces.
2026-01-18 15:47:37 [main] INFO  org.springframework.boot.web.embedded.tomcat.TomcatWebServer - Tomcat initialized with port 8080 (http)
2026-01-18 15:47:37 [main] INFO  org.apache.coyote.http11.Http11NioProtocol - Initializing ProtocolHandler ["http-nio-0.0.0.0-8080"]
2026-01-18 15:47:37 [main] INFO  org.apache.catalina.core.StandardService - Starting service [Tomcat]
2026-01-18 15:47:37 [main] INFO  org.apache.catalina.core.StandardEngine - Starting Servlet engine: [Apache Tomcat/10.1.20]
2026-01-18 15:47:37 [main] INFO  org.apache.catalina.core.ContainerBase.[Tomcat].[localhost].[/] - Initializing Spring embedded WebApplicationContext
2026-01-18 15:47:37 [main] INFO  org.springframework.boot.web.servlet.context.ServletWebServerApplicationContext - Root WebApplicationContext: initialization completed in 3801 ms
2026-01-18 15:47:38 [main] INFO  org.hibernate.jpa.internal.util.LogHelper - HHH000204: Processing PersistenceUnitInfo [name: default]
2026-01-18 15:47:38 [main] INFO  org.hibernate.Version - HHH000412: Hibernate ORM core version 6.4.4.Final
2026-01-18 15:47:38 [main] INFO  org.hibernate.cache.internal.RegionFactoryInitiator - HHH000026: Second-level cache disabled
2026-01-18 15:47:38 [main] INFO  org.springframework.orm.jpa.persistenceunit.SpringPersistenceUnitInfo - No LoadTimeWeaver setup: ignoring JPA class transformer
2026-01-18 15:47:39 [main] INFO  com.zaxxer.hikari.HikariDataSource - HikariPool-1 - Starting...
2026-01-18 15:47:39 [main] INFO  com.zaxxer.hikari.pool.HikariPool - HikariPool-1 - Added connection com.mysql.cj.jdbc.ConnectionImpl@6029f2a4
2026-01-18 15:47:39 [main] INFO  com.zaxxer.hikari.HikariDataSource - HikariPool-1 - Start completed.
2026-01-18 15:47:39 [main] WARN  org.hibernate.orm.deprecation - HHH90000025: MySQL8Dialect does not need to be specified explicitly using 'hibernate.dialect' (remove the property setting and it will be selected by default)
2026-01-18 15:47:39 [main] WARN  org.hibernate.orm.deprecation - HHH90000026: MySQL8Dialect has been deprecated; use org.hibernate.dialect.MySQLDialect instead
2026-01-18 15:47:42 [main] INFO  org.hibernate.engine.transaction.jta.platform.internal.JtaPlatformInitiator - HHH000489: No JTA platform available (set 'hibernate.transaction.jta.platform' to enable JTA platform integration)
2026-01-18 15:47:42 [main] INFO  org.springframework.orm.jpa.LocalContainerEntityManagerFactoryBean - Initialized JPA EntityManagerFactory for persistence unit 'default'
2026-01-18 15:47:43 [main] WARN  org.springframework.boot.autoconfigure.orm.jpa.JpaBaseConfiguration$JpaWebConfiguration - spring.jpa.open-in-view is enabled by default. Therefore, database queries may be performed during view rendering. Explicitly configure spring.jpa.open-in-view to disable this warning
2026-01-18 15:47:44 [main] INFO  org.apache.coyote.http11.Http11NioProtocol - Starting ProtocolHandler ["http-nio-0.0.0.0-8080"]
2026-01-18 15:47:44 [main] INFO  org.springframework.boot.web.embedded.tomcat.TomcatWebServer - Tomcat started on port 8080 (http) with context path ''
2026-01-18 15:47:44 [main] INFO  com.escuela.SistemaEscolarApplication - Started SistemaEscolarApplication in 11.745 seconds (process running for 13.429)
2026-01-18 15:48:11 [http-nio-0.0.0.0-8080-exec-2] INFO  org.apache.catalina.core.ContainerBase.[Tomcat].[localhost].[/] - Initializing Spring DispatcherServlet 'dispatcherServlet'
2026-01-18 15:48:11 [http-nio-0.0.0.0-8080-exec-2] INFO  org.springframework.web.servlet.DispatcherServlet - Initializing Servlet 'dispatcherServlet'
2026-01-18 15:48:11 [http-nio-0.0.0.0-8080-exec-2] INFO  org.springframework.web.servlet.DispatcherServlet - Completed initialization in 4 ms
2026-01-18 15:48:11 [http-nio-0.0.0.0-8080-exec-2] INFO  com.escuela.controller.AlumnoController - Solicitud POST /alumnos - Guardando alumno: Monica Sanchez
2026-01-18 15:48:11 [http-nio-0.0.0.0-8080-exec-2] INFO  com.escuela.service.AlumnoService - Intentando guardar alumno: Monica Sanchez
2026-01-18 15:48:11 [http-nio-0.0.0.0-8080-exec-2] INFO  com.escuela.service.AlumnoService - Alumno guardado con ID: 8
2026-01-18 15:48:11 [http-nio-0.0.0.0-8080-exec-2] DEBUG com.escuela.controller.AlumnoController - Alumno guardado con ID: 8
2026-01-18 16:53:44 [main] INFO  com.escuela.service.AlumnoService - Buscando alumno con ID: 3
2026-01-18 16:53:44 [main] ERROR com.escuela.service.AlumnoService - Error al buscar alumno con ID 3: Alumno no encontrado
2026-01-18 16:53:44 [main] INFO  com.escuela.service.AlumnoService - Intentando guardar alumno: null
2026-01-18 16:53:44 [main] ERROR com.escuela.service.AlumnoService - Error al guardar alumno null: El nombre del alumno es obligatorio
2026-01-18 16:53:44 [main] INFO  com.escuela.service.AlumnoService - Actualizando alumno con ID: 1
2026-01-18 16:53:44 [main] DEBUG com.escuela.service.AlumnoService - Alumno antes de actualizar: com.escuela.model.Alumno@252dc8c4
2026-01-18 16:53:44 [main] DEBUG com.escuela.service.AlumnoService - Alumno actualizado: com.escuela.model.Alumno@252dc8c4
2026-01-18 16:53:44 [main] INFO  com.escuela.service.AlumnoService - Alumno con ID 1 actualizado correctamente
2026-01-18 16:53:44 [main] INFO  com.escuela.service.AlumnoService - Actualizando alumno con ID: 3
2026-01-18 16:53:44 [main] ERROR com.escuela.service.AlumnoService - Error al actualizar alumno con ID 3: Alumno no encontrado
2026-01-18 16:56:25 [main] INFO  com.escuela.service.AlumnoService - Intentando guardar alumno: Juan Perez
2026-01-18 16:56:25 [main] INFO  com.escuela.service.AlumnoService - Alumno guardado con ID: 1
2026-01-18 17:07:54 [main] INFO  com.escuela.service.AlumnoService - Buscando alumno con ID: 3
2026-01-18 17:07:54 [main] ERROR com.escuela.service.AlumnoService - Error al buscar alumno con ID 3: Alumno no encontrado
2026-01-18 17:18:21 [main] INFO  com.escuela.service.AlumnoService - Buscando alumno con ID: 3
2026-01-18 17:18:21 [main] ERROR com.escuela.service.AlumnoService - Error al buscar alumno con ID 3: Alumno no encontrado
2026-01-18 17:18:21 [main] INFO  com.escuela.service.AlumnoService - Intentando guardar alumno: null
2026-01-18 17:18:21 [main] ERROR com.escuela.service.AlumnoService - Error al guardar alumno null: El nombre del alumno es obligatorio
2026-01-18 17:18:21 [main] INFO  com.escuela.service.AlumnoService - Actualizando alumno con ID: 1
2026-01-18 17:18:21 [main] DEBUG com.escuela.service.AlumnoService - Alumno antes de actualizar: com.escuela.model.Alumno@252dc8c4
2026-01-18 17:18:21 [main] DEBUG com.escuela.service.AlumnoService - Alumno actualizado: com.escuela.model.Alumno@252dc8c4
2026-01-18 17:18:21 [main] INFO  com.escuela.service.AlumnoService - Alumno con ID 1 actualizado correctamente
2026-01-18 17:18:21 [main] INFO  com.escuela.service.AlumnoService - Actualizando alumno con ID: 3
2026-01-18 17:18:21 [main] ERROR com.escuela.service.AlumnoService - Error al actualizar alumno con ID 3: Alumno no encontrado
2026-01-18 17:18:21 [main] INFO  com.escuela.service.AlumnoService - Intentando guardar alumno: Juan Perez
2026-01-18 17:18:21 [main] INFO  com.escuela.service.AlumnoService - Alumno guardado con ID: 1
2026-01-18 17:19:51 [main] INFO  com.escuela.service.AlumnoService - Buscando alumno con ID: 1
2026-01-18 17:19:51 [main] DEBUG com.escuela.service.AlumnoService - Alumno encontrado: Juan Perez
2026-01-18 17:20:27 [main] INFO  com.escuela.service.AlumnoService - Eliminando alumno con ID: 1
2026-01-18 17:20:27 [main] DEBUG com.escuela.service.AlumnoService - Alumno eliminado con ID: 1
2026-01-18 17:20:27 [main] INFO  com.escuela.service.AlumnoService - Listando todos los alumnos
2026-01-18 17:20:27 [main] DEBUG com.escuela.service.AlumnoService - Cantidad de alumnos encontrados: 2
